 BullMoose

 Timestamp is 4da4cedc (Tue Apr 12 15:14:52 2011)

 Preferred load address is 00400000

 Start         Length     Name                   Class
 0001:00000000 00000b0eH .text                   CODE
 0002:00000000 000000dcH .idata$5                DATA
 0002:000000dc 00000004H .CRT$XCA                DATA
 0002:000000e0 00000004H .CRT$XCAA               DATA
 0002:000000e4 00000004H .CRT$XCZ                DATA
 0002:000000e8 00000004H .CRT$XIA                DATA
 0002:000000ec 00000004H .CRT$XIAA               DATA
 0002:000000f0 00000004H .CRT$XIZ                DATA
 0002:00000100 00000100H .rdata                  DATA
 0002:00000200 00000060H .rdata$debug            DATA
 0002:00000260 00000004H .rdata$sxdata           DATA
 0002:00000264 00000004H .rtc$IAA                DATA
 0002:00000268 00000004H .rtc$IZZ                DATA
 0002:0000026c 00000004H .rtc$TAA                DATA
 0002:00000270 00000004H .rtc$TZZ                DATA
 0002:00000278 0000005cH .xdata$x                DATA
 0002:000002d4 00000050H .idata$2                DATA
 0002:00000324 00000014H .idata$3                DATA
 0002:00000338 000000dcH .idata$4                DATA
 0002:00000414 00000388H .idata$6                DATA
 0002:0000079c 00000000H .edata                  DATA
 0003:00000000 000000c0H .data                   DATA
 0003:000000c0 00000374H .bss                    DATA
 0004:00000000 00000058H .rsrc$01                DATA
 0004:00000060 00000190H .rsrc$02                DATA

  Address         Publics by Value              Rva+Base       Lib:Object

 0000:00000001       ___safe_se_handler_count   00000001     <absolute>
 0000:00000000       ___ImageBase               00400000     <linker-defined>
 0001:00000000       _p1                        00401000 f   BullMoose.obj
 0001:000000a0       _p2                        004010a0 f   BullMoose.obj
 0001:00000180       _main                      00401180 f   BullMoose.obj
 0001:0000028e       _RegCloseKey@4             0040128e f   Advapi32:ADVAPI32.dll
 0001:00000294       _RegSetValueExA@24         00401294 f   Advapi32:ADVAPI32.dll
 0001:0000029a       _RegOpenKeyExA@20          0040129a f   Advapi32:ADVAPI32.dll
 0001:000002a0       _ShellExecuteA@24          004012a0 f   Shell32:SHELL32.dll
 0001:000002a6       _SetFileAttributesA@8      004012a6 f   kernel32:KERNEL32.dll
 0001:000002ac       _CopyFileA@12              004012ac f   kernel32:KERNEL32.dll
 0001:000002b2       _GetSystemDirectoryA@8     004012b2 f   kernel32:KERNEL32.dll
 0001:000002b8       _GetModuleFileNameA@12     004012b8 f   kernel32:KERNEL32.dll
 0001:000002be       _fclose                    004012be f   MSVCRT:MSVCR80.dll
 0001:000002c4       _fputs                     004012c4 f   MSVCRT:MSVCR80.dll
 0001:000002ca       _fopen                     004012ca f   MSVCRT:MSVCR80.dll
 0001:000002d0       _strlen                    004012d0 f   MSVCRT:MSVCR80.dll
 0001:000002d6       _strcat                    004012d6 f   MSVCRT:MSVCR80.dll
 0001:000002dc       @__security_check_cookie@4 004012dc f   MSVCRT:secchk.obj
 0001:000002eb       _NtCurrentTeb              004012eb f i MSVCRT:crtexe.obj
 0001:000005f1       _mainCRTStartup            004015f1 f   MSVCRT:crtexe.obj
 0001:000005fb       ___report_gsfailure        004015fb f   MSVCRT:gs_report.obj
 0001:00000700       __amsg_exit                00401700 f   MSVCRT:MSVCR80.dll
 0001:00000706       ___getmainargs             00401706 f   MSVCRT:MSVCR80.dll
 0001:0000070c       __onexit                   0040170c f   MSVCRT:atonexit.obj
 0001:000007ab       _atexit                    004017ab f   MSVCRT:atonexit.obj
 0001:000007bd       __RTC_Initialize           004017bd f   MSVCRT:initsect.obj
 0001:000007e1       __RTC_Terminate            004017e1 f   MSVCRT:initsect.obj
 0001:00000806       __cexit                    00401806 f   MSVCRT:MSVCR80.dll
 0001:0000080c       __exit                     0040180c f   MSVCRT:MSVCR80.dll
 0001:00000812       __XcptFilter               00401812 f   MSVCRT:MSVCR80.dll
 0001:00000818       _exit                      00401818 f   MSVCRT:MSVCR80.dll
 0001:00000820       __ValidateImageBase        00401820 f   MSVCRT:pesect.obj
 0001:00000850       __FindPESection            00401850 f   MSVCRT:pesect.obj
 0001:00000892       __IsNonwritableInCurrentImage 00401892 f   MSVCRT:pesect.obj
 0001:000008fe       __initterm                 004018fe f   MSVCRT:MSVCR80.dll
 0001:00000904       __initterm_e               00401904 f   MSVCRT:MSVCR80.dll
 0001:0000090c       __SEH_prolog4              0040190c f   MSVCRT:sehprolg4.obj
 0001:00000951       __SEH_epilog4              00401951 f   MSVCRT:sehprolg4.obj
 0001:00000965       __except_handler4          00401965 f   MSVCRT:chandler4gs.obj
 0001:00000988       __configthreadlocale       00401988 f   MSVCRT:MSVCR80.dll
 0001:0000098e       __invoke_watson_if_error   0040198e f i MSVCRT:fp8.obj
 0001:000009b0       __setdefaultprecision      004019b0 f   MSVCRT:fp8.obj
 0001:000009da       ___setusermatherr          004019da f   MSVCRT:MSVCR80.dll
 0001:000009e0       __setargv                  004019e0 f   MSVCRT:dllargv.obj
 0001:000009e0       __matherr                  004019e0 f   MSVCRT:merr.obj
 0001:000009e4       ___p__commode              004019e4 f   MSVCRT:MSVCR80.dll
 0001:000009ea       ___p__fmode                004019ea f   MSVCRT:MSVCR80.dll
 0001:000009f0       __encode_pointer           004019f0 f   MSVCRT:MSVCR80.dll
 0001:000009f6       ___set_app_type            004019f6 f   MSVCRT:MSVCR80.dll
 0001:000009fc       ___security_init_cookie    004019fc f   MSVCRT:gs_support.obj
 0001:00000a90       __crt_debugger_hook        00401a90 f   MSVCRT:MSVCR80.dll
 0001:00000a96       __unlock                   00401a96 f   MSVCRT:MSVCR80.dll
 0001:00000a9c       ___dllonexit               00401a9c f   MSVCRT:MSVCR80.dll
 0001:00000aa2       __lock                     00401aa2 f   MSVCRT:MSVCR80.dll
 0001:00000aa8       __decode_pointer           00401aa8 f   MSVCRT:MSVCR80.dll
 0001:00000aae       __except_handler4_common   00401aae f   MSVCRT:MSVCR80.dll
 0001:00000ab4       __invoke_watson            00401ab4 f   MSVCRT:MSVCR80.dll
 0001:00000aba       __controlfp_s              00401aba f   MSVCRT:MSVCR80.dll
 0001:00000ac0       _InterlockedExchange@8     00401ac0 f   kernel32:KERNEL32.dll
 0001:00000ac6       _Sleep@4                   00401ac6 f   kernel32:KERNEL32.dll
 0001:00000acc       _InterlockedCompareExchange@12 00401acc f   kernel32:KERNEL32.dll
 0001:00000ad2       _TerminateProcess@8        00401ad2 f   kernel32:KERNEL32.dll
 0001:00000ad8       _GetCurrentProcess@0       00401ad8 f   kernel32:KERNEL32.dll
 0001:00000ade       _UnhandledExceptionFilter@4 00401ade f   kernel32:KERNEL32.dll
 0001:00000ae4       _SetUnhandledExceptionFilter@4 00401ae4 f   kernel32:KERNEL32.dll
 0001:00000aea       _IsDebuggerPresent@0       00401aea f   kernel32:KERNEL32.dll
 0001:00000af0       _QueryPerformanceCounter@4 00401af0 f   kernel32:KERNEL32.dll
 0001:00000af6       _GetTickCount@0            00401af6 f   kernel32:KERNEL32.dll
 0001:00000afc       _GetCurrentThreadId@0      00401afc f   kernel32:KERNEL32.dll
 0001:00000b02       _GetCurrentProcessId@0     00401b02 f   kernel32:KERNEL32.dll
 0001:00000b08       _GetSystemTimeAsFileTime@4 00401b08 f   kernel32:KERNEL32.dll
 0002:00000000       __imp__RegSetValueExA@24   00402000     Advapi32:ADVAPI32.dll
 0002:00000004       __imp__RegOpenKeyExA@20    00402004     Advapi32:ADVAPI32.dll
 0002:00000008       __imp__RegCloseKey@4       00402008     Advapi32:ADVAPI32.dll
 0002:0000000c       \177ADVAPI32_NULL_THUNK_DATA 0040200c     Advapi32:ADVAPI32.dll
 0002:00000010       __imp__GetCurrentProcessId@0 00402010     kernel32:KERNEL32.dll
 0002:00000014       __imp__GetCurrentThreadId@0 00402014     kernel32:KERNEL32.dll
 0002:00000018       __imp__SetFileAttributesA@8 00402018     kernel32:KERNEL32.dll
 0002:0000001c       __imp__CopyFileA@12        0040201c     kernel32:KERNEL32.dll
 0002:00000020       __imp__GetSystemDirectoryA@8 00402020     kernel32:KERNEL32.dll
 0002:00000024       __imp__GetModuleFileNameA@12 00402024     kernel32:KERNEL32.dll
 0002:00000028       __imp__GetTickCount@0      00402028     kernel32:KERNEL32.dll
 0002:0000002c       __imp__QueryPerformanceCounter@4 0040202c     kernel32:KERNEL32.dll
 0002:00000030       __imp__IsDebuggerPresent@0 00402030     kernel32:KERNEL32.dll
 0002:00000034       __imp__SetUnhandledExceptionFilter@4 00402034     kernel32:KERNEL32.dll
 0002:00000038       __imp__UnhandledExceptionFilter@4 00402038     kernel32:KERNEL32.dll
 0002:0000003c       __imp__GetCurrentProcess@0 0040203c     kernel32:KERNEL32.dll
 0002:00000040       __imp__TerminateProcess@8  00402040     kernel32:KERNEL32.dll
 0002:00000044       __imp__InterlockedCompareExchange@12 00402044     kernel32:KERNEL32.dll
 0002:00000048       __imp__Sleep@4             00402048     kernel32:KERNEL32.dll
 0002:0000004c       __imp__InterlockedExchange@8 0040204c     kernel32:KERNEL32.dll
 0002:00000050       __imp__GetSystemTimeAsFileTime@4 00402050     kernel32:KERNEL32.dll
 0002:00000054       \177KERNEL32_NULL_THUNK_DATA 00402054     kernel32:KERNEL32.dll
 0002:00000058       __imp____initenv           00402058     MSVCRT:MSVCR80.dll
 0002:0000005c       __imp___initterm           0040205c     MSVCRT:MSVCR80.dll
 0002:00000060       __imp___initterm_e         00402060     MSVCRT:MSVCR80.dll
 0002:00000064       __imp___configthreadlocale 00402064     MSVCRT:MSVCR80.dll
 0002:00000068       __imp____setusermatherr    00402068     MSVCRT:MSVCR80.dll
 0002:0000006c       __imp__exit                0040206c     MSVCRT:MSVCR80.dll
 0002:00000070       __imp____p__commode        00402070     MSVCRT:MSVCR80.dll
 0002:00000074       __imp____p__fmode          00402074     MSVCRT:MSVCR80.dll
 0002:00000078       __imp___encode_pointer     00402078     MSVCRT:MSVCR80.dll
 0002:0000007c       __imp____set_app_type      0040207c     MSVCRT:MSVCR80.dll
 0002:00000080       __imp___crt_debugger_hook  00402080     MSVCRT:MSVCR80.dll
 0002:00000084       __imp___unlock             00402084     MSVCRT:MSVCR80.dll
 0002:00000088       __imp____dllonexit         00402088     MSVCRT:MSVCR80.dll
 0002:0000008c       __imp___lock               0040208c     MSVCRT:MSVCR80.dll
 0002:00000090       __imp___onexit             00402090     MSVCRT:MSVCR80.dll
 0002:00000094       __imp___decode_pointer     00402094     MSVCRT:MSVCR80.dll
 0002:00000098       __imp___except_handler4_common 00402098     MSVCRT:MSVCR80.dll
 0002:0000009c       __imp___invoke_watson      0040209c     MSVCRT:MSVCR80.dll
 0002:000000a0       __imp___controlfp_s        004020a0     MSVCRT:MSVCR80.dll
 0002:000000a4       __imp___XcptFilter         004020a4     MSVCRT:MSVCR80.dll
 0002:000000a8       __imp___exit               004020a8     MSVCRT:MSVCR80.dll
 0002:000000ac       __imp___cexit              004020ac     MSVCRT:MSVCR80.dll
 0002:000000b0       __imp____getmainargs       004020b0     MSVCRT:MSVCR80.dll
 0002:000000b4       __imp___amsg_exit          004020b4     MSVCRT:MSVCR80.dll
 0002:000000b8       __imp__strcat              004020b8     MSVCRT:MSVCR80.dll
 0002:000000bc       __imp__strlen              004020bc     MSVCRT:MSVCR80.dll
 0002:000000c0       __imp__fopen               004020c0     MSVCRT:MSVCR80.dll
 0002:000000c4       __imp__fputs               004020c4     MSVCRT:MSVCR80.dll
 0002:000000c8       __imp__fclose              004020c8     MSVCRT:MSVCR80.dll
 0002:000000cc       __imp___adjust_fdiv        004020cc     MSVCRT:MSVCR80.dll
 0002:000000d0       \177MSVCR80_NULL_THUNK_DATA 004020d0     MSVCRT:MSVCR80.dll
 0002:000000d4       __imp__ShellExecuteA@24    004020d4     Shell32:SHELL32.dll
 0002:000000d8       \177SHELL32_NULL_THUNK_DATA 004020d8     Shell32:SHELL32.dll
 0002:000000dc       ___xc_a                    004020dc     MSVCRT:cinitexe.obj
 0002:000000e4       ___xc_z                    004020e4     MSVCRT:cinitexe.obj
 0002:000000e8       ___xi_a                    004020e8     MSVCRT:cinitexe.obj
 0002:000000f0       ___xi_z                    004020f0     MSVCRT:cinitexe.obj
 0002:00000120       _InfectString              00402120     BullMoose.obj
 0002:000001a4       ?ProcessDetach@NativeDll@<CrtImplementationDetails>@@0IB 004021a4     MSVCRT:initsect.obj
 0002:000001a8       ?ProcessAttach@NativeDll@<CrtImplementationDetails>@@0IB 004021a8     MSVCRT:initsect.obj
 0002:000001ac       ?ThreadAttach@NativeDll@<CrtImplementationDetails>@@0IB 004021ac     MSVCRT:initsect.obj
 0002:000001b0       ?ThreadDetach@NativeDll@<CrtImplementationDetails>@@0IB 004021b0     MSVCRT:initsect.obj
 0002:000001b4       ?ProcessVerifier@NativeDll@<CrtImplementationDetails>@@0IB 004021b4     MSVCRT:initsect.obj
 0002:000001b8       __load_config_used         004021b8     MSVCRT:loadcfg.obj
 0002:00000260       ___safe_se_handler_table   00402260     <linker-defined>
 0002:00000264       ___rtc_iaa                 00402264     MSVCRT:initsect.obj
 0002:00000268       ___rtc_izz                 00402268     MSVCRT:initsect.obj
 0002:0000026c       ___rtc_taa                 0040226c     MSVCRT:initsect.obj
 0002:00000270       ___rtc_tzz                 00402270     MSVCRT:initsect.obj
 0002:000002d4       __IMPORT_DESCRIPTOR_ADVAPI32 004022d4     Advapi32:ADVAPI32.dll
 0002:000002e8       __IMPORT_DESCRIPTOR_SHELL32 004022e8     Shell32:SHELL32.dll
 0002:000002fc       __IMPORT_DESCRIPTOR_KERNEL32 004022fc     kernel32:KERNEL32.dll
 0002:00000310       __IMPORT_DESCRIPTOR_MSVCR80 00402310     MSVCRT:MSVCR80.dll
 0002:00000324       __NULL_IMPORT_DESCRIPTOR   00402324     Advapi32:ADVAPI32.dll
 0003:000000a8       ___security_cookie         004030a8     MSVCRT:gs_cookie.obj
 0003:000000ac       ___security_cookie_complement 004030ac     MSVCRT:gs_cookie.obj
 0003:000000b0       ___native_dllmain_reason   004030b0     MSVCRT:natstart.obj
 0003:000000b4       ___native_vcclrit_reason   004030b4     MSVCRT:natstart.obj
 0003:000000b8       ___globallocalestatus      004030b8     MSVCRT:xthdloc.obj
 0003:000000bc       ___defaultmatherr          004030bc     MSVCRT:merr.obj
 0003:0000040c       __dowildcard               0040340c     MSVCRT:wildcard.obj
 0003:00000410       __newmode                  00403410     MSVCRT:_newmode.obj
 0003:00000414       __commode                  00403414     MSVCRT:xncommod.obj
 0003:00000418       __fmode                    00403418     MSVCRT:xtxtmode.obj
 0003:0000041c       __adjust_fdiv              0040341c     <common>
 0003:00000420       ___native_startup_state    00403420     <common>
 0003:00000424       ___native_startup_lock     00403424     <common>
 0003:00000428       ___onexitend               00403428     <common>
 0003:0000042c       ___onexitbegin             0040342c     <common>
 0003:00000430       ___dyn_tls_init_callback   00403430     <common>

 entry point at        0001:000005f1

 Static symbols

 0001:000002f2       _pre_cpp_init              004012f2 f   MSVCRT:crtexe.obj
 0001:0000033d       ___tmainCRTStartup         0040133d f   MSVCRT:crtexe.obj
 0001:000004b3       _check_managed_app         004014b3 f   MSVCRT:crtexe.obj
 0001:0000050f       _pre_c_init                0040150f f   MSVCRT:crtexe.obj
