 md5

 Timestamp is 4cf55e88 (Tue Nov 30 13:28:56 2010)

 Preferred load address is 00400000

 Start         Length     Name                   Class
 0001:00000000 0000229eH .text                   CODE
 0002:00000000 000000e0H .idata$5                DATA
 0002:000000e0 00000004H .CRT$XCA                DATA
 0002:000000e4 00000004H .CRT$XCAA               DATA
 0002:000000e8 00000004H .CRT$XCZ                DATA
 0002:000000ec 00000004H .CRT$XIA                DATA
 0002:000000f0 00000004H .CRT$XIAA               DATA
 0002:000000f4 00000004H .CRT$XIZ                DATA
 0002:00000100 000006c0H .rdata                  DATA
 0002:000007c0 0000006dH .rdata$debug            DATA
 0002:00000830 00000004H .rdata$sxdata           DATA
 0002:00000834 00000004H .rtc$IAA                DATA
 0002:00000838 00000004H .rtc$IZZ                DATA
 0002:0000083c 00000004H .rtc$TAA                DATA
 0002:00000840 00000004H .rtc$TZZ                DATA
 0002:00000848 0000005cH .xdata$x                DATA
 0002:000008a4 00000028H .idata$2                DATA
 0002:000008cc 00000014H .idata$3                DATA
 0002:000008e0 000000e0H .idata$4                DATA
 0002:000009c0 00000356H .idata$6                DATA
 0002:00000d16 00000000H .edata                  DATA
 0003:00000000 00000020H .data                   DATA
 0003:00000020 0000036cH .bss                    DATA
 0004:00000000 00000058H .rsrc$01                DATA
 0004:00000060 00000190H .rsrc$02                DATA

  Address         Publics by Value              Rva+Base       Lib:Object

 0000:00000001       ___safe_se_handler_count   00000001     <absolute>
 0000:00000000       ___ImageBase               00400000     <linker-defined>
 0001:00000000       _main                      00401000 f   main.obj
 0001:00000860       ?byteReverse@@YAXPAEI@Z    00401860 f   md5.obj
 0001:000008c0       ?MD5Init@@YAXPAUMD5Context@@@Z 004018c0 f   md5.obj
 0001:00000900       ?MD5Update@@YAXPAUMD5Context@@PAEI@Z 00401900 f   md5.obj
 0001:00000a50       ?MD5Final@@YAXQAEPAUMD5Context@@@Z 00401a50 f   md5.obj
 0001:00000b70       ?MD5Transform@@YAXQAK0@Z   00401b70 f   md5.obj
 0001:000019d4       _fclose                    004029d4 f   MSVCRT:MSVCR80.dll
 0001:000019da       _fread                     004029da f   MSVCRT:MSVCR80.dll
 0001:000019e0       __setmode                  004029e0 f   MSVCRT:MSVCR80.dll
 0001:000019e6       __fileno                   004029e6 f   MSVCRT:MSVCR80.dll
 0001:000019ec       _printf                    004029ec f   MSVCRT:MSVCR80.dll
 0001:000019f2       _fopen                     004029f2 f   MSVCRT:MSVCR80.dll
 0001:000019f8       _strcmp                    004029f8 f   MSVCRT:MSVCR80.dll
 0001:000019fe       _sscanf                    004029fe f   MSVCRT:MSVCR80.dll
 0001:00001a04       _isxdigit                  00402a04 f   MSVCRT:MSVCR80.dll
 0001:00001a0a       _memset                    00402a0a f   MSVCRT:MSVCR80.dll
 0001:00001a10       _toupper                   00402a10 f   MSVCRT:MSVCR80.dll
 0001:00001a16       _islower                   00402a16 f   MSVCRT:MSVCR80.dll
 0001:00001a1c       _strlen                    00402a1c f   MSVCRT:MSVCR80.dll
 0001:00001a22       _fprintf                   00402a22 f   MSVCRT:MSVCR80.dll
 0001:00001a28       ___iob_func                00402a28 f   MSVCRT:MSVCR80.dll
 0001:00001a2e       @__security_check_cookie@4 00402a2e f   MSVCRT:secchk.obj
 0001:00001a40       __alloca_probe             00402a40     MSVCRT:chkstk.obj
 0001:00001a40       __chkstk                   00402a40 f   MSVCRT:chkstk.obj
 0001:00001a6c       _memcpy                    00402a6c f   MSVCRT:MSVCR80.dll
 0001:00001a72       _NtCurrentTeb              00402a72 f i MSVCRT:crtexe.obj
 0001:00001d78       _mainCRTStartup            00402d78 f   MSVCRT:crtexe.obj
 0001:00001d82       ___report_gsfailure        00402d82 f   MSVCRT:gs_report.obj
 0001:00001e86       __amsg_exit                00402e86 f   MSVCRT:MSVCR80.dll
 0001:00001e8c       ___getmainargs             00402e8c f   MSVCRT:MSVCR80.dll
 0001:00001e92       __onexit                   00402e92 f   MSVCRT:atonexit.obj
 0001:00001f31       _atexit                    00402f31 f   MSVCRT:atonexit.obj
 0001:00001f43       __RTC_Initialize           00402f43 f   MSVCRT:initsect.obj
 0001:00001f67       __RTC_Terminate            00402f67 f   MSVCRT:initsect.obj
 0001:00001f8c       __cexit                    00402f8c f   MSVCRT:MSVCR80.dll
 0001:00001f92       __exit                     00402f92 f   MSVCRT:MSVCR80.dll
 0001:00001f98       __XcptFilter               00402f98 f   MSVCRT:MSVCR80.dll
 0001:00001f9e       _exit                      00402f9e f   MSVCRT:MSVCR80.dll
 0001:00001fb0       __ValidateImageBase        00402fb0 f   MSVCRT:pesect.obj
 0001:00001fe0       __FindPESection            00402fe0 f   MSVCRT:pesect.obj
 0001:00002022       __IsNonwritableInCurrentImage 00403022 f   MSVCRT:pesect.obj
 0001:0000208e       __initterm                 0040308e f   MSVCRT:MSVCR80.dll
 0001:00002094       __initterm_e               00403094 f   MSVCRT:MSVCR80.dll
 0001:0000209c       __SEH_prolog4              0040309c f   MSVCRT:sehprolg4.obj
 0001:000020e1       __SEH_epilog4              004030e1 f   MSVCRT:sehprolg4.obj
 0001:000020f5       __except_handler4          004030f5 f   MSVCRT:chandler4gs.obj
 0001:00002118       __configthreadlocale       00403118 f   MSVCRT:MSVCR80.dll
 0001:0000211e       __invoke_watson_if_error   0040311e f i MSVCRT:fp8.obj
 0001:00002140       __setdefaultprecision      00403140 f   MSVCRT:fp8.obj
 0001:0000216a       ___setusermatherr          0040316a f   MSVCRT:MSVCR80.dll
 0001:00002170       __matherr                  00403170 f   MSVCRT:merr.obj
 0001:00002170       __setargv                  00403170 f   MSVCRT:dllargv.obj
 0001:00002174       ___p__commode              00403174 f   MSVCRT:MSVCR80.dll
 0001:0000217a       ___p__fmode                0040317a f   MSVCRT:MSVCR80.dll
 0001:00002180       __encode_pointer           00403180 f   MSVCRT:MSVCR80.dll
 0001:00002186       ___set_app_type            00403186 f   MSVCRT:MSVCR80.dll
 0001:0000218c       ___security_init_cookie    0040318c f   MSVCRT:gs_support.obj
 0001:00002220       __crt_debugger_hook        00403220 f   MSVCRT:MSVCR80.dll
 0001:00002226       __unlock                   00403226 f   MSVCRT:MSVCR80.dll
 0001:0000222c       ___dllonexit               0040322c f   MSVCRT:MSVCR80.dll
 0001:00002232       __lock                     00403232 f   MSVCRT:MSVCR80.dll
 0001:00002238       __decode_pointer           00403238 f   MSVCRT:MSVCR80.dll
 0001:0000223e       __except_handler4_common   0040323e f   MSVCRT:MSVCR80.dll
 0001:00002244       __invoke_watson            00403244 f   MSVCRT:MSVCR80.dll
 0001:0000224a       __controlfp_s              0040324a f   MSVCRT:MSVCR80.dll
 0001:00002250       _InterlockedExchange@8     00403250 f   kernel32:KERNEL32.dll
 0001:00002256       _Sleep@4                   00403256 f   kernel32:KERNEL32.dll
 0001:0000225c       _InterlockedCompareExchange@12 0040325c f   kernel32:KERNEL32.dll
 0001:00002262       _TerminateProcess@8        00403262 f   kernel32:KERNEL32.dll
 0001:00002268       _GetCurrentProcess@0       00403268 f   kernel32:KERNEL32.dll
 0001:0000226e       _UnhandledExceptionFilter@4 0040326e f   kernel32:KERNEL32.dll
 0001:00002274       _SetUnhandledExceptionFilter@4 00403274 f   kernel32:KERNEL32.dll
 0001:0000227a       _IsDebuggerPresent@0       0040327a f   kernel32:KERNEL32.dll
 0001:00002280       _QueryPerformanceCounter@4 00403280 f   kernel32:KERNEL32.dll
 0001:00002286       _GetTickCount@0            00403286 f   kernel32:KERNEL32.dll
 0001:0000228c       _GetCurrentThreadId@0      0040328c f   kernel32:KERNEL32.dll
 0001:00002292       _GetCurrentProcessId@0     00403292 f   kernel32:KERNEL32.dll
 0001:00002298       _GetSystemTimeAsFileTime@4 00403298 f   kernel32:KERNEL32.dll
 0002:00000000       __imp__GetCurrentProcessId@0 00404000     kernel32:KERNEL32.dll
 0002:00000004       __imp__GetCurrentThreadId@0 00404004     kernel32:KERNEL32.dll
 0002:00000008       __imp__GetTickCount@0      00404008     kernel32:KERNEL32.dll
 0002:0000000c       __imp__QueryPerformanceCounter@4 0040400c     kernel32:KERNEL32.dll
 0002:00000010       __imp__IsDebuggerPresent@0 00404010     kernel32:KERNEL32.dll
 0002:00000014       __imp__SetUnhandledExceptionFilter@4 00404014     kernel32:KERNEL32.dll
 0002:00000018       __imp__UnhandledExceptionFilter@4 00404018     kernel32:KERNEL32.dll
 0002:0000001c       __imp__GetCurrentProcess@0 0040401c     kernel32:KERNEL32.dll
 0002:00000020       __imp__TerminateProcess@8  00404020     kernel32:KERNEL32.dll
 0002:00000024       __imp__InterlockedCompareExchange@12 00404024     kernel32:KERNEL32.dll
 0002:00000028       __imp__Sleep@4             00404028     kernel32:KERNEL32.dll
 0002:0000002c       __imp__InterlockedExchange@8 0040402c     kernel32:KERNEL32.dll
 0002:00000030       __imp__GetSystemTimeAsFileTime@4 00404030     kernel32:KERNEL32.dll
 0002:00000034       \177KERNEL32_NULL_THUNK_DATA 00404034     kernel32:KERNEL32.dll
 0002:00000038       __imp____iob_func          00404038     MSVCRT:MSVCR80.dll
 0002:0000003c       __imp__memcpy              0040403c     MSVCRT:MSVCR80.dll
 0002:00000040       __imp___amsg_exit          00404040     MSVCRT:MSVCR80.dll
 0002:00000044       __imp____getmainargs       00404044     MSVCRT:MSVCR80.dll
 0002:00000048       __imp___cexit              00404048     MSVCRT:MSVCR80.dll
 0002:0000004c       __imp___exit               0040404c     MSVCRT:MSVCR80.dll
 0002:00000050       __imp___XcptFilter         00404050     MSVCRT:MSVCR80.dll
 0002:00000054       __imp__exit                00404054     MSVCRT:MSVCR80.dll
 0002:00000058       __imp____initenv           00404058     MSVCRT:MSVCR80.dll
 0002:0000005c       __imp___initterm           0040405c     MSVCRT:MSVCR80.dll
 0002:00000060       __imp___initterm_e         00404060     MSVCRT:MSVCR80.dll
 0002:00000064       __imp___configthreadlocale 00404064     MSVCRT:MSVCR80.dll
 0002:00000068       __imp____setusermatherr    00404068     MSVCRT:MSVCR80.dll
 0002:0000006c       __imp__fprintf             0040406c     MSVCRT:MSVCR80.dll
 0002:00000070       __imp____p__commode        00404070     MSVCRT:MSVCR80.dll
 0002:00000074       __imp____p__fmode          00404074     MSVCRT:MSVCR80.dll
 0002:00000078       __imp___encode_pointer     00404078     MSVCRT:MSVCR80.dll
 0002:0000007c       __imp____set_app_type      0040407c     MSVCRT:MSVCR80.dll
 0002:00000080       __imp___crt_debugger_hook  00404080     MSVCRT:MSVCR80.dll
 0002:00000084       __imp___unlock             00404084     MSVCRT:MSVCR80.dll
 0002:00000088       __imp____dllonexit         00404088     MSVCRT:MSVCR80.dll
 0002:0000008c       __imp___lock               0040408c     MSVCRT:MSVCR80.dll
 0002:00000090       __imp___onexit             00404090     MSVCRT:MSVCR80.dll
 0002:00000094       __imp___decode_pointer     00404094     MSVCRT:MSVCR80.dll
 0002:00000098       __imp___except_handler4_common 00404098     MSVCRT:MSVCR80.dll
 0002:0000009c       __imp___invoke_watson      0040409c     MSVCRT:MSVCR80.dll
 0002:000000a0       __imp___controlfp_s        004040a0     MSVCRT:MSVCR80.dll
 0002:000000a4       __imp__strlen              004040a4     MSVCRT:MSVCR80.dll
 0002:000000a8       __imp__islower             004040a8     MSVCRT:MSVCR80.dll
 0002:000000ac       __imp__toupper             004040ac     MSVCRT:MSVCR80.dll
 0002:000000b0       __imp__memset              004040b0     MSVCRT:MSVCR80.dll
 0002:000000b4       __imp__isxdigit            004040b4     MSVCRT:MSVCR80.dll
 0002:000000b8       __imp__sscanf              004040b8     MSVCRT:MSVCR80.dll
 0002:000000bc       __imp__strcmp              004040bc     MSVCRT:MSVCR80.dll
 0002:000000c0       __imp__fopen               004040c0     MSVCRT:MSVCR80.dll
 0002:000000c4       __imp__printf              004040c4     MSVCRT:MSVCR80.dll
 0002:000000c8       __imp___fileno             004040c8     MSVCRT:MSVCR80.dll
 0002:000000cc       __imp___setmode            004040cc     MSVCRT:MSVCR80.dll
 0002:000000d0       __imp__fread               004040d0     MSVCRT:MSVCR80.dll
 0002:000000d4       __imp___adjust_fdiv        004040d4     MSVCRT:MSVCR80.dll
 0002:000000d8       __imp__fclose              004040d8     MSVCRT:MSVCR80.dll
 0002:000000dc       \177MSVCR80_NULL_THUNK_DATA 004040dc     MSVCRT:MSVCR80.dll
 0002:000000e0       ___xc_a                    004040e0     MSVCRT:cinitexe.obj
 0002:000000e8       ___xc_z                    004040e8     MSVCRT:cinitexe.obj
 0002:000000ec       ___xi_a                    004040ec     MSVCRT:cinitexe.obj
 0002:000000f4       ___xi_z                    004040f4     MSVCRT:cinitexe.obj
 0002:00000760       ?ProcessDetach@NativeDll@<CrtImplementationDetails>@@0IB 00404760     MSVCRT:initsect.obj
 0002:00000764       ?ProcessAttach@NativeDll@<CrtImplementationDetails>@@0IB 00404764     MSVCRT:initsect.obj
 0002:00000768       ?ThreadAttach@NativeDll@<CrtImplementationDetails>@@0IB 00404768     MSVCRT:initsect.obj
 0002:0000076c       ?ThreadDetach@NativeDll@<CrtImplementationDetails>@@0IB 0040476c     MSVCRT:initsect.obj
 0002:00000770       ?ProcessVerifier@NativeDll@<CrtImplementationDetails>@@0IB 00404770     MSVCRT:initsect.obj
 0002:00000778       __load_config_used         00404778     MSVCRT:loadcfg.obj
 0002:00000830       ___safe_se_handler_table   00404830     <linker-defined>
 0002:00000834       ___rtc_iaa                 00404834     MSVCRT:initsect.obj
 0002:00000838       ___rtc_izz                 00404838     MSVCRT:initsect.obj
 0002:0000083c       ___rtc_taa                 0040483c     MSVCRT:initsect.obj
 0002:00000840       ___rtc_tzz                 00404840     MSVCRT:initsect.obj
 0002:000008a4       __IMPORT_DESCRIPTOR_MSVCR80 004048a4     MSVCRT:MSVCR80.dll
 0002:000008b8       __IMPORT_DESCRIPTOR_KERNEL32 004048b8     kernel32:KERNEL32.dll
 0002:000008cc       __NULL_IMPORT_DESCRIPTOR   004048cc     MSVCRT:MSVCR80.dll
 0003:00000000       ___security_cookie         00405000     MSVCRT:gs_cookie.obj
 0003:00000004       ___security_cookie_complement 00405004     MSVCRT:gs_cookie.obj
 0003:00000010       ___native_dllmain_reason   00405010     MSVCRT:natstart.obj
 0003:00000014       ___native_vcclrit_reason   00405014     MSVCRT:natstart.obj
 0003:00000018       ___globallocalestatus      00405018     MSVCRT:xthdloc.obj
 0003:0000001c       ___defaultmatherr          0040501c     MSVCRT:merr.obj
 0003:00000364       __dowildcard               00405364     MSVCRT:wildcard.obj
 0003:00000368       __newmode                  00405368     MSVCRT:_newmode.obj
 0003:0000036c       __commode                  0040536c     MSVCRT:xncommod.obj
 0003:00000370       __fmode                    00405370     MSVCRT:xtxtmode.obj
 0003:00000374       __adjust_fdiv              00405374     <common>
 0003:00000378       ___native_startup_state    00405378     <common>
 0003:0000037c       ___native_startup_lock     0040537c     <common>
 0003:00000380       ___onexitend               00405380     <common>
 0003:00000384       ___onexitbegin             00405384     <common>
 0003:00000388       ___dyn_tls_init_callback   00405388     <common>

 entry point at        0001:00001d78

 Static symbols

 0001:00001a79       _pre_cpp_init              00402a79 f   MSVCRT:crtexe.obj
 0001:00001ac4       ___tmainCRTStartup         00402ac4 f   MSVCRT:crtexe.obj
 0001:00001c3a       _check_managed_app         00402c3a f   MSVCRT:crtexe.obj
 0001:00001c96       _pre_c_init                00402c96 f   MSVCRT:crtexe.obj
