 factorial_cl

 Timestamp is 5121c558 (Mon Feb 18 01:08:24 2013)

 Preferred load address is 00400000

 Start         Length     Name                   Class
 0001:00000000 00000844H .text                   CODE
 0002:00000000 000000acH .idata$5                DATA
 0002:000000ac 00000004H .CRT$XCA                DATA
 0002:000000b0 00000004H .CRT$XCAA               DATA
 0002:000000b4 00000004H .CRT$XCZ                DATA
 0002:000000b8 00000004H .CRT$XIA                DATA
 0002:000000bc 00000004H .CRT$XIAA               DATA
 0002:000000c0 00000004H .CRT$XIY                DATA
 0002:000000c4 00000004H .CRT$XIZ                DATA
 0002:000000d0 00000078H .rdata                  DATA
 0002:00000148 00000061H .rdata$debug            DATA
 0002:000001b0 00000004H .rdata$sxdata           DATA
 0002:000001b4 00000004H .rtc$IAA                DATA
 0002:000001b8 00000004H .rtc$IZZ                DATA
 0002:000001bc 00000004H .rtc$TAA                DATA
 0002:000001c0 00000004H .rtc$TZZ                DATA
 0002:000001c8 0000005cH .xdata$x                DATA
 0002:00000224 00000028H .idata$2                DATA
 0002:0000024c 00000014H .idata$3                DATA
 0002:00000260 000000acH .idata$4                DATA
 0002:0000030c 000002d4H .idata$6                DATA
 0002:000005e0 00000000H .edata                  DATA
 0003:00000000 00000018H .data                   DATA
 0003:00000018 00000370H .bss                    DATA

  Address         Publics by Value              Rva+Base       Lib:Object

 0000:00000001       ___safe_se_handler_count   00000001     <absolute>
 0000:00000000       ___ImageBase               00400000     <linker-defined>
 0001:00000000       _main                      00401000 f   factorial_cl.obj
 0001:00000060       @__security_check_cookie@4 00401060 f   MSVCRT:secchk.obj
 0001:000002fd       _mainCRTStartup            004012fd f   MSVCRT:crtexe.obj
 0001:00000307       ___report_gsfailure        00401307 f   MSVCRT:gs_report.obj
 0001:0000040d       ?__CxxUnhandledExceptionFilter@@YGJPAU_EXCEPTION_POINTERS@@@Z 0040140d f   MSVCRT:unhandld.obj
 0001:0000044f       ___CxxSetUnhandledExceptionFilter 0040144f f   MSVCRT:unhandld.obj
 0001:0000045e       __amsg_exit                0040145e f   MSVCRT:MSVCR100.dll
 0001:00000464       __onexit                   00401464 f   MSVCRT:atonexit.obj
 0001:00000505       _atexit                    00401505 f   MSVCRT:atonexit.obj
 0001:0000051c       __RTC_Initialize           0040151c f   MSVCRT:_initsect_.obj
 0001:00000542       __RTC_Terminate            00401542 f   MSVCRT:_initsect_.obj
 0001:00000568       __XcptFilter               00401568 f   MSVCRT:MSVCR100.dll
 0001:00000570       __ValidateImageBase        00401570 f   MSVCRT:pesect.obj
 0001:000005b0       __FindPESection            004015b0 f   MSVCRT:pesect.obj
 0001:00000600       __IsNonwritableInCurrentImage 00401600 f   MSVCRT:pesect.obj
 0001:000006bc       __initterm                 004016bc f   MSVCRT:MSVCR100.dll
 0001:000006c2       __initterm_e               004016c2 f   MSVCRT:MSVCR100.dll
 0001:000006d0       __SEH_prolog4              004016d0 f   MSVCRT:sehprolg4.obj
 0001:00000715       __SEH_epilog4              00401715 f   MSVCRT:sehprolg4.obj
 0001:00000729       __except_handler4          00401729 f   MSVCRT:chandler4gs.obj
 0001:0000074e       __setdefaultprecision      0040174e f   MSVCRT:fp8.obj
 0001:00000776       __setargv                  00401776 f   MSVCRT:dllargv.obj
 0001:00000776       __matherr                  00401776 f   MSVCRT:merr.obj
 0001:00000779       ___security_init_cookie    00401779 f   MSVCRT:gs_support.obj
 0001:00000814       __crt_debugger_hook        00401814 f   MSVCRT:MSVCR100.dll
 0001:0000081a       ?terminate@@YAXXZ          0040181a f   MSVCRT:MSVCR100.dll
 0001:00000820       __unlock                   00401820 f   MSVCRT:MSVCR100.dll
 0001:00000826       ___dllonexit               00401826 f   MSVCRT:MSVCR100.dll
 0001:0000082c       __lock                     0040182c f   MSVCRT:MSVCR100.dll
 0001:00000832       __except_handler4_common   00401832 f   MSVCRT:MSVCR100.dll
 0001:00000838       __invoke_watson            00401838 f   MSVCRT:MSVCR100.dll
 0001:0000083e       __controlfp_s              0040183e f   MSVCRT:MSVCR100.dll
 0002:00000000       __imp__GetCurrentProcessId@0 00402000     kernel32:KERNEL32.dll
 0002:00000004       __imp__GetCurrentThreadId@0 00402004     kernel32:KERNEL32.dll
 0002:00000008       __imp__GetTickCount@0      00402008     kernel32:KERNEL32.dll
 0002:0000000c       __imp__QueryPerformanceCounter@4 0040200c     kernel32:KERNEL32.dll
 0002:00000010       __imp__DecodePointer@4     00402010     kernel32:KERNEL32.dll
 0002:00000014       __imp__IsDebuggerPresent@0 00402014     kernel32:KERNEL32.dll
 0002:00000018       __imp__SetUnhandledExceptionFilter@4 00402018     kernel32:KERNEL32.dll
 0002:0000001c       __imp__UnhandledExceptionFilter@4 0040201c     kernel32:KERNEL32.dll
 0002:00000020       __imp__GetCurrentProcess@0 00402020     kernel32:KERNEL32.dll
 0002:00000024       __imp__TerminateProcess@8  00402024     kernel32:KERNEL32.dll
 0002:00000028       __imp__EncodePointer@4     00402028     kernel32:KERNEL32.dll
 0002:0000002c       __imp__HeapSetInformation@16 0040202c     kernel32:KERNEL32.dll
 0002:00000030       __imp__InterlockedCompareExchange@12 00402030     kernel32:KERNEL32.dll
 0002:00000034       __imp__Sleep@4             00402034     kernel32:KERNEL32.dll
 0002:00000038       __imp__InterlockedExchange@8 00402038     kernel32:KERNEL32.dll
 0002:0000003c       __imp__GetSystemTimeAsFileTime@4 0040203c     kernel32:KERNEL32.dll
 0002:00000040       \177KERNEL32_NULL_THUNK_DATA 00402040     kernel32:KERNEL32.dll
 0002:00000044       __imp_?terminate@@YAXXZ    00402044     MSVCRT:MSVCR100.dll
 0002:00000048       __imp___unlock             00402048     MSVCRT:MSVCR100.dll
 0002:0000004c       __imp____dllonexit         0040204c     MSVCRT:MSVCR100.dll
 0002:00000050       __imp___crt_debugger_hook  00402050     MSVCRT:MSVCR100.dll
 0002:00000054       __imp___onexit             00402054     MSVCRT:MSVCR100.dll
 0002:00000058       __imp___except_handler4_common 00402058     MSVCRT:MSVCR100.dll
 0002:0000005c       __imp___invoke_watson      0040205c     MSVCRT:MSVCR100.dll
 0002:00000060       __imp___controlfp_s        00402060     MSVCRT:MSVCR100.dll
 0002:00000064       __imp____set_app_type      00402064     MSVCRT:MSVCR100.dll
 0002:00000068       __imp___fmode              00402068     MSVCRT:MSVCR100.dll
 0002:0000006c       __imp___commode            0040206c     MSVCRT:MSVCR100.dll
 0002:00000070       __imp____setusermatherr    00402070     MSVCRT:MSVCR100.dll
 0002:00000074       __imp___configthreadlocale 00402074     MSVCRT:MSVCR100.dll
 0002:00000078       __imp___initterm_e         00402078     MSVCRT:MSVCR100.dll
 0002:0000007c       __imp___initterm           0040207c     MSVCRT:MSVCR100.dll
 0002:00000080       __imp____initenv           00402080     MSVCRT:MSVCR100.dll
 0002:00000084       __imp__exit                00402084     MSVCRT:MSVCR100.dll
 0002:00000088       __imp___XcptFilter         00402088     MSVCRT:MSVCR100.dll
 0002:0000008c       __imp___exit               0040208c     MSVCRT:MSVCR100.dll
 0002:00000090       __imp___cexit              00402090     MSVCRT:MSVCR100.dll
 0002:00000094       __imp____getmainargs       00402094     MSVCRT:MSVCR100.dll
 0002:00000098       __imp___amsg_exit          00402098     MSVCRT:MSVCR100.dll
 0002:0000009c       __imp__printf              0040209c     MSVCRT:MSVCR100.dll
 0002:000000a0       __imp___lock               004020a0     MSVCRT:MSVCR100.dll
 0002:000000a4       __imp__atoi                004020a4     MSVCRT:MSVCR100.dll
 0002:000000a8       \177MSVCR100_NULL_THUNK_DATA 004020a8     MSVCRT:MSVCR100.dll
 0002:000000ac       ___xc_a                    004020ac     MSVCRT:cinitexe.obj
 0002:000000b4       ___xc_z                    004020b4     MSVCRT:cinitexe.obj
 0002:000000b8       ___xi_a                    004020b8     MSVCRT:cinitexe.obj
 0002:000000c4       ___xi_z                    004020c4     MSVCRT:cinitexe.obj
 0002:000000f4       ??_C@_09BFBHDLOM@?$CFd?$CB?5?$DN?5?$CFd?6?$AA@ 004020f4     factorial_cl.obj
 0002:00000100       __load_config_used         00402100     MSVCRT:loadcfg.obj
 0002:000001b0       ___safe_se_handler_table   004021b0     <linker-defined>
 0002:000001b4       ___rtc_iaa                 004021b4     MSVCRT:_initsect_.obj
 0002:000001b8       ___rtc_izz                 004021b8     MSVCRT:_initsect_.obj
 0002:000001bc       ___rtc_taa                 004021bc     MSVCRT:_initsect_.obj
 0002:000001c0       ___rtc_tzz                 004021c0     MSVCRT:_initsect_.obj
 0002:00000224       __IMPORT_DESCRIPTOR_MSVCR100 00402224     MSVCRT:MSVCR100.dll
 0002:00000238       __IMPORT_DESCRIPTOR_KERNEL32 00402238     kernel32:KERNEL32.dll
 0002:0000024c       __NULL_IMPORT_DESCRIPTOR   0040224c     MSVCRT:MSVCR100.dll
 0003:00000000       ___security_cookie         00403000     MSVCRT:gs_cookie.obj
 0003:00000004       ___security_cookie_complement 00403004     MSVCRT:gs_cookie.obj
 0003:00000008       ___native_dllmain_reason   00403008     MSVCRT:natstart.obj
 0003:0000000c       ___native_vcclrit_reason   0040300c     MSVCRT:natstart.obj
 0003:00000010       ___globallocalestatus      00403010     MSVCRT:xthdloc.obj
 0003:00000014       ___defaultmatherr          00403014     MSVCRT:merr.obj
 0003:0000035c       __dowildcard               0040335c     MSVCRT:wildcard.obj
 0003:00000360       __newmode                  00403360     MSVCRT:_newmode.obj
 0003:00000364       __commode                  00403364     MSVCRT:xncommod.obj
 0003:00000368       __fmode                    00403368     MSVCRT:xtxtmode.obj
 0003:0000036c       ___@@_PchSym_@00@UenUxlwvRerigfzoraviUvcznkovhUxxhBBUuzxglirzoUuzxglirzoPxoUivovzhvUhgwzucOlyq@ 0040336c     stdafx.obj
 0003:00000370       ___native_startup_state    00403370     <common>
 0003:00000374       ___native_startup_lock     00403374     <common>
 0003:00000378       ___onexitend               00403378     <common>
 0003:0000037c       ___onexitbegin             0040337c     <common>
 0003:00000380       __NoHeapEnableTerminationOnCorruption 00403380     <common>
 0003:00000384       ___dyn_tls_init_callback   00403384     <common>

 entry point at        0001:000002fd

 Static symbols

 0001:0000006f       _pre_cpp_init              0040106f f   MSVCRT:crtexe.obj
 0001:000000ba       ___tmainCRTStartup         004010ba f   MSVCRT:crtexe.obj
 0001:00000243       _pre_c_init                00401243 f   MSVCRT:crtexe.obj
